{
  "@context": "/api/v2/contexts/Order",
  "@id": "/api/v2/shop/orders",
  "@type": "hydra:Collection",
  "hydra:member": [
    {
      "@id": "/api/v2/shop/orders/order_made_by_peter_1",
      "@type": "Order",
      "tokenValue": "order_made_by_peter_1",
      "channel": "/api/v2/shop/channels/CODE",
      "state": "new",
      "id": "@integer@",
      "itemsTotal": 0
    },
    {
      "@id": "/api/v2/shop/orders/order_made_by_peter_2",
      "@type": "Order",
      "tokenValue": "order_made_by_peter_2",
      "channel": "/api/v2/shop/channels/CODE",
      "state": "new",
      "id": "@integer@",
      "itemsTotal": 0
    }
  ],
  "hydra:totalItems": 2
}
