{
  "@context": "/api/v2/contexts/Order",
  "@id": "/api/v2/shop/orders",
  "@type": "hydra:Collection",
  "hydra:member": [
    {
      "@id": "/api/v2/shop/orders/peter_order_made_by_john",
      "@type": "Order",
      "channel": "/api/v2/shop/channels/@string@",
      "tokenValue": "peter_order_made_by_john",
      "id": "@integer@",
      "itemsTotal": 0,
      "state": "new"
    }
  ],
  "hydra:totalItems":1
}