{
    "code": 400,
    "message": "Request does not have the following required fields specified: companyName, taxIdentifier, bankAccountNumber, phoneNumber, description, vendorAddress."
}
